Connecting to: localhost:6501
Connection created!!!
Stopped at tools/debugger/tests/do_break_generator.js:38
(escargot-debugger) b do_break_generator.js:21
Breakpoint 1 at tools/debugger/tests/do_break_generator.js:21 (in f1() at line:20, col:1)
(escargot-debugger) c
Stopped at breakpoint:1 tools/debugger/tests/do_break_generator.js:21 (in f1() at line:20, col:1)
(escargot-debugger) bt
tools/debugger/tests/do_break_generator.js:21:5 [depth:0] (in f1)
tools/debugger/tests/do_break_generator.js:39:1 [depth:3]
(escargot-debugger) c
Stopped at breakpoint:1 tools/debugger/tests/do_break_generator.js:21 (in f1() at line:20, col:1)
(escargot-debugger) bt
tools/debugger/tests/do_break_generator.js:21:5 [depth:0] (in f1)
tools/debugger/tests/do_break_generator.js:25:12 [depth:1] (in f2)
tools/debugger/tests/do_break_generator.js:42:3 [depth:4] (in h)
tools/debugger/tests/do_break_generator.js:44:1 [depth:5]
(escargot-debugger) c
Stopped at breakpoint:1 tools/debugger/tests/do_break_generator.js:21 (in f1() at line:20, col:1)
(escargot-debugger) bt
tools/debugger/tests/do_break_generator.js:21:5 [depth:0] (in f1)
tools/debugger/tests/do_break_generator.js:25:12 [depth:1] (in f2)
tools/debugger/tests/do_break_generator.js:29:12 [depth:2] (in f3)
tools/debugger/tests/do_break_generator.js:46:1 [depth:5]
(escargot-debugger) c
Connection closed.
